DELETE /api/v1/admin/job-applications/{id} mw=10
DELETE /api/v1/admin/jobs/{id} mw=10
DELETE /api/v1/admin/media/{id} mw=10
DELETE /api/v1/admin/organizations/{id}/invitations/{invID} mw=10
DELETE /api/v1/admin/organizations/{id}/members/{userID} mw=10
DELETE /api/v1/admin/reviews/{id} mw=10
DELETE /api/v1/freelance-profile/pricing mw=9
DELETE /api/v1/freelance-profile/social-links/{platform} mw=9
DELETE /api/v1/freelance-profile/video mw=9
DELETE /api/v1/jobs/applications/{applicationId} mw=9
DELETE /api/v1/jobs/{id} mw=9
DELETE /api/v1/messaging/messages/{id} mw=9
DELETE /api/v1/notifications/{id} mw=8
DELETE /api/v1/organizations/{orgID}/invitations/{invID} mw=8
DELETE /api/v1/organizations/{orgID}/members/{userID} mw=8
DELETE /api/v1/organizations/{orgID}/transfer mw=8
DELETE /api/v1/payment-info/account-session mw=9
DELETE /api/v1/portfolio/{id} mw=9
DELETE /api/v1/profile/pricing/{kind} mw=9
DELETE /api/v1/profile/social-links/{platform} mw=9
DELETE /api/v1/referrer-profile/pricing mw=9
DELETE /api/v1/referrer-profile/social-links/{platform} mw=9
DELETE /api/v1/referrer-profile/video mw=9
DELETE /api/v1/upload/referrer-video mw=9
DELETE /api/v1/upload/video mw=9
GET /api/openapi.json mw=6
GET /api/v1/admin/conversations mw=10
GET /api/v1/admin/conversations/{id} mw=10
GET /api/v1/admin/conversations/{id}/messages mw=10
GET /api/v1/admin/conversations/{id}/reports mw=10
GET /api/v1/admin/credits/bonus-log mw=10
GET /api/v1/admin/credits/bonus-log/pending mw=10
GET /api/v1/admin/dashboard/stats mw=10
GET /api/v1/admin/disputes mw=10
GET /api/v1/admin/disputes/count mw=10
GET /api/v1/admin/disputes/{id} mw=10
GET /api/v1/admin/invoices mw=10
GET /api/v1/admin/invoices/{id}/pdf mw=10
GET /api/v1/admin/job-applications mw=10
GET /api/v1/admin/jobs mw=10
GET /api/v1/admin/jobs/{id} mw=10
GET /api/v1/admin/jobs/{id}/reports mw=10
GET /api/v1/admin/media mw=10
GET /api/v1/admin/media/{id} mw=10
GET /api/v1/admin/moderation mw=10
GET /api/v1/admin/moderation/count mw=10
GET /api/v1/admin/notifications mw=10
GET /api/v1/admin/reviews mw=10
GET /api/v1/admin/reviews/{id} mw=10
GET /api/v1/admin/reviews/{id}/reports mw=10
GET /api/v1/admin/search/stats mw=10
GET /api/v1/admin/users mw=10
GET /api/v1/admin/users/{id} mw=10
GET /api/v1/admin/users/{id}/organization mw=10
GET /api/v1/admin/users/{id}/reports mw=10
GET /api/v1/auth/me mw=8
GET /api/v1/auth/ws-token mw=8
GET /api/v1/billing/fee-preview mw=8
GET /api/v1/clients/{orgId} mw=6
GET /api/v1/disputes/mine mw=9
GET /api/v1/disputes/{id} mw=9
GET /api/v1/freelance-profile/ mw=8
GET /api/v1/freelance-profile/pricing mw=8
GET /api/v1/freelance-profile/social-links/ mw=8
GET /api/v1/freelance-profiles/{orgID} mw=6
GET /api/v1/freelance-profiles/{orgId}/social-links mw=6
GET /api/v1/invitations/validate mw=6
GET /api/v1/jobs/applications/mine mw=9
GET /api/v1/jobs/credits mw=9
GET /api/v1/jobs/mine mw=9
GET /api/v1/jobs/open mw=9
GET /api/v1/jobs/{id} mw=9
GET /api/v1/jobs/{id}/applications mw=9
GET /api/v1/jobs/{id}/has-applied mw=9
GET /api/v1/me/account/confirm-deletion mw=6
GET /api/v1/me/billing-profile/ mw=9
GET /api/v1/me/export/ mw=7
GET /api/v1/me/invoices mw=9
GET /api/v1/me/invoices/{id}/pdf mw=9
GET /api/v1/me/invoicing/current-month mw=9
GET /api/v1/messaging/conversations mw=9
GET /api/v1/messaging/conversations/{id}/messages mw=9
GET /api/v1/messaging/unread-count mw=9
GET /api/v1/notifications/ mw=8
GET /api/v1/notifications/preferences mw=8
GET /api/v1/notifications/unread-count mw=8
GET /api/v1/openapi.json mw=6
GET /api/v1/organization/shared mw=8
GET /api/v1/organizations/role-definitions mw=8
GET /api/v1/organizations/{orgID}/invitations/ mw=8
GET /api/v1/organizations/{orgID}/members mw=8
GET /api/v1/organizations/{orgID}/role-permissions mw=8
GET /api/v1/payment-info/account-status mw=9
GET /api/v1/portfolio/org/{orgId} mw=6
GET /api/v1/portfolio/{id} mw=6
GET /api/v1/profile/ mw=8
GET /api/v1/profile/pricing mw=8
GET /api/v1/profile/skills mw=8
GET /api/v1/profile/social-links/ mw=8
GET /api/v1/profiles/search mw=6
GET /api/v1/profiles/{orgId} mw=6
GET /api/v1/profiles/{orgId}/project-history mw=6
GET /api/v1/profiles/{orgId}/social-links mw=6
GET /api/v1/projects/ mw=9
GET /api/v1/proposals/{id} mw=9
GET /api/v1/referrals/incoming mw=8
GET /api/v1/referrals/me mw=8
GET /api/v1/referrals/{id} mw=8
GET /api/v1/referrals/{id}/attributions mw=8
GET /api/v1/referrals/{id}/commissions mw=8
GET /api/v1/referrals/{id}/negotiations mw=8
GET /api/v1/referrer-profile/ mw=8
GET /api/v1/referrer-profile/pricing mw=8
GET /api/v1/referrer-profile/social-links/ mw=8
GET /api/v1/referrer-profiles/{orgID} mw=6
GET /api/v1/referrer-profiles/{orgID}/reputation mw=6
GET /api/v1/referrer-profiles/{orgId}/social-links mw=6
GET /api/v1/reports/mine mw=8
GET /api/v1/reviews/average/{orgId} mw=6
GET /api/v1/reviews/can-review/{proposalId} mw=9
GET /api/v1/reviews/org/{orgId} mw=6
GET /api/v1/search mw=8
GET /api/v1/search/key mw=8
GET /api/v1/search/track mw=8
GET /api/v1/skills/autocomplete mw=6
GET /api/v1/skills/catalog mw=6
GET /api/v1/stripe/config mw=9
GET /api/v1/subscriptions/me mw=8
GET /api/v1/subscriptions/me/cycle-preview mw=8
GET /api/v1/subscriptions/me/stats mw=8
GET /api/v1/subscriptions/portal mw=8
GET /api/v1/test/health-check mw=6
GET /api/v1/test/words mw=6
GET /api/v1/wallet/ mw=9
GET /api/v1/ws mw=6
GET /health mw=6
GET /ready mw=6
PATCH /api/v1/admin/organizations/{id}/members/{userID} mw=10
PATCH /api/v1/notifications/preferences/bulk-email mw=8
PATCH /api/v1/organizations/{orgID}/members/{userID} mw=8
PATCH /api/v1/organizations/{orgID}/role-permissions mw=9
PATCH /api/v1/subscriptions/me/auto-renew mw=8
PATCH /api/v1/subscriptions/me/billing-cycle mw=8
POST /api/v1/admin/credits/bonus-log/{id}/approve mw=10
POST /api/v1/admin/credits/bonus-log/{id}/reject mw=10
POST /api/v1/admin/credits/reset mw=10
POST /api/v1/admin/credits/reset/{userId} mw=10
POST /api/v1/admin/disputes/{id}/ai-budget mw=10
POST /api/v1/admin/disputes/{id}/ai-chat mw=10
POST /api/v1/admin/disputes/{id}/force-escalate mw=10
POST /api/v1/admin/disputes/{id}/resolve mw=10
POST /api/v1/admin/invoices/{id}/credit-note mw=10
POST /api/v1/admin/media/{id}/approve mw=10
POST /api/v1/admin/media/{id}/reject mw=10
POST /api/v1/admin/messages/{id}/approve-moderation mw=10
POST /api/v1/admin/messages/{id}/hide mw=10
POST /api/v1/admin/messages/{id}/restore-moderation mw=10
POST /api/v1/admin/moderation/{content_type}/{content_id}/restore mw=10
POST /api/v1/admin/notifications/{category}/reset mw=10
POST /api/v1/admin/organizations/{id}/force-transfer mw=10
POST /api/v1/admin/proposals/{id}/activate mw=10
POST /api/v1/admin/reports/{id}/resolve mw=10
POST /api/v1/admin/reviews/{id}/approve-moderation mw=10
POST /api/v1/admin/reviews/{id}/restore-moderation mw=10
POST /api/v1/admin/users/{id}/ban mw=10
POST /api/v1/admin/users/{id}/suspend mw=10
POST /api/v1/admin/users/{id}/unban mw=10
POST /api/v1/admin/users/{id}/unsuspend mw=10
POST /api/v1/auth/forgot-password mw=6
POST /api/v1/auth/login mw=6
POST /api/v1/auth/logout mw=8
POST /api/v1/auth/refresh mw=6
POST /api/v1/auth/register mw=7
POST /api/v1/auth/reset-password mw=6
POST /api/v1/auth/web-session mw=8
POST /api/v1/calls/initiate mw=9
POST /api/v1/calls/{id}/accept mw=9
POST /api/v1/calls/{id}/decline mw=9
POST /api/v1/calls/{id}/end mw=9
POST /api/v1/disputes/ mw=10
POST /api/v1/disputes/{id}/cancel mw=9
POST /api/v1/disputes/{id}/cancellation/respond mw=9
POST /api/v1/disputes/{id}/counter-proposals/{cpId}/respond mw=9
POST /api/v1/disputes/{id}/counter-propose mw=9
POST /api/v1/freelance-profile/video mw=9
POST /api/v1/invitations/accept mw=6
POST /api/v1/jobs/ mw=10
POST /api/v1/jobs/{id}/applications/{applicantId}/contact mw=9
POST /api/v1/jobs/{id}/apply mw=9
POST /api/v1/jobs/{id}/close mw=9
POST /api/v1/jobs/{id}/mark-viewed mw=9
POST /api/v1/jobs/{id}/reopen mw=9
POST /api/v1/me/account/cancel-deletion mw=7
POST /api/v1/me/account/request-deletion mw=7
POST /api/v1/me/billing-profile/sync-from-stripe mw=9
POST /api/v1/me/billing-profile/validate-vat mw=9
POST /api/v1/messaging/conversations mw=9
POST /api/v1/messaging/conversations/{id}/messages mw=9
POST /api/v1/messaging/conversations/{id}/read mw=9
POST /api/v1/messaging/upload-url mw=9
POST /api/v1/notifications/device-token mw=8
POST /api/v1/notifications/read-all mw=8
POST /api/v1/notifications/{id}/read mw=8
POST /api/v1/organizations/{orgID}/invitations/ mw=9
POST /api/v1/organizations/{orgID}/invitations/{invID}/resend mw=8
POST /api/v1/organizations/{orgID}/leave mw=8
POST /api/v1/organizations/{orgID}/transfer mw=8
POST /api/v1/organizations/{orgID}/transfer/accept mw=8
POST /api/v1/organizations/{orgID}/transfer/decline mw=8
POST /api/v1/payment-info/account-session mw=9
POST /api/v1/portfolio/ mw=9
POST /api/v1/proposals/ mw=10
POST /api/v1/proposals/{id}/accept mw=9
POST /api/v1/proposals/{id}/cancel mw=9
POST /api/v1/proposals/{id}/complete mw=9
POST /api/v1/proposals/{id}/confirm-payment mw=9
POST /api/v1/proposals/{id}/decline mw=9
POST /api/v1/proposals/{id}/milestones/{mid}/approve mw=9
POST /api/v1/proposals/{id}/milestones/{mid}/fund mw=9
POST /api/v1/proposals/{id}/milestones/{mid}/reject mw=9
POST /api/v1/proposals/{id}/milestones/{mid}/submit mw=9
POST /api/v1/proposals/{id}/modify mw=9
POST /api/v1/proposals/{id}/pay mw=10
POST /api/v1/proposals/{id}/reject-completion mw=9
POST /api/v1/proposals/{id}/request-completion mw=9
POST /api/v1/referrals/ mw=8
POST /api/v1/referrals/{id}/respond mw=8
POST /api/v1/referrer-profile/video mw=9
POST /api/v1/reports/ mw=8
POST /api/v1/reviews/ mw=9
POST /api/v1/skills mw=9
POST /api/v1/stripe/webhook mw=6
POST /api/v1/subscriptions/ mw=8
POST /api/v1/test/words mw=6
POST /api/v1/upload/photo mw=9
POST /api/v1/upload/portfolio-image mw=9
POST /api/v1/upload/portfolio-video mw=9
POST /api/v1/upload/referrer-video mw=9
POST /api/v1/upload/review-video mw=9
POST /api/v1/upload/video mw=9
POST /api/v1/wallet/payout mw=9
POST /api/v1/wallet/transfers/{record_id}/retry mw=9
PUT /api/v1/auth/referrer-enable mw=8
PUT /api/v1/freelance-profile/ mw=9
PUT /api/v1/freelance-profile/availability mw=9
PUT /api/v1/freelance-profile/expertise mw=9
PUT /api/v1/freelance-profile/pricing mw=9
PUT /api/v1/freelance-profile/social-links/ mw=9
PUT /api/v1/jobs/{id} mw=9
PUT /api/v1/me/billing-profile/ mw=9
PUT /api/v1/messaging/messages/{id} mw=9
PUT /api/v1/notifications/preferences mw=8
PUT /api/v1/organization/languages mw=9
PUT /api/v1/organization/location mw=9
PUT /api/v1/organization/photo mw=9
PUT /api/v1/portfolio/reorder mw=9
PUT /api/v1/portfolio/{id} mw=9
PUT /api/v1/profile/ mw=9
PUT /api/v1/profile/availability mw=9
PUT /api/v1/profile/client mw=9
PUT /api/v1/profile/expertise mw=9
PUT /api/v1/profile/languages mw=9
PUT /api/v1/profile/location mw=9
PUT /api/v1/profile/pricing mw=9
PUT /api/v1/profile/skills mw=9
PUT /api/v1/profile/social-links/ mw=9
PUT /api/v1/referrer-profile/ mw=9
PUT /api/v1/referrer-profile/availability mw=9
PUT /api/v1/referrer-profile/expertise mw=9
PUT /api/v1/referrer-profile/pricing mw=9
PUT /api/v1/referrer-profile/social-links/ mw=9
